
> eduplatform-pro@0.0.0 build
> vite build

[36mvite v6.4.1 [32mbuilding for production...[36m[39m
node.exe : 
At line:1 char:1
+ & "C:\Program Files
\nodejs/node.exe" 
"C:\Program 
Files\nodejs/node_mo 
...
+ ~~~~~~~~~~~~~~~~~~~
~~~~~~~~~~~~~~~~~~~~~
~~~~~~~~~~~~~~~~~~~~~
~~~~~~~~
    + CategoryInfo   
           : NotSpe  
  cified: (:String   
 ) [], RemoteExce    
ption
    + FullyQualified 
   ErrorId : Native  
  CommandError
 
/index.css doesn't 
exist at build time, 
it will remain 
unchanged to be 
resolved at runtime
transforming...
[32mΓ£ô[39m 2380 modules transformed.
[31mΓ£ù[39m Build 
failed in 4.66s
[31merror during 
build:
[31mpages/StudentCou
rses.tsx (9:9): 
"COURSES" is not 
exported by 
"constants.ts", 
imported by "pages/St
udentCourses.tsx".[3
1m
file: [36mD:/EduPlat
form-Pro/pages/Studen
tCourses.tsx:9:9[31m
[33m
 7: } from 
'lucide-react';
 8: import Sidebar 
from '../components/S
idebar';
 9: import { COURSES 
} from 
'../constants';
             ^
10: import { useAuth 
} from 
'../AuthContext';
[31m
    at 
getRollupError (file:
///D:/EduPlatform-Pro
/node_modules/rollup/
dist/es/shared/parseA
st.js:402:41)
    at error (file://
/D:/EduPlatform-Pro/n
ode_modules/rollup/di
st/es/shared/parseAst
.js:398:42)
    at Module.error (
file:///D:/EduPlatfor
m-Pro/node_modules/ro
llup/dist/es/shared/n
ode-entry.js:17040:16
)
    at 
Module.traceVariable 
(file:///D:/EduPlatfo
rm-Pro/node_modules/r
ollup/dist/es/shared/
node-entry.js:17452:2
9)
    at ModuleScope.fi
ndVariable (file:///D
:/EduPlatform-Pro/nod
e_modules/rollup/dist
/es/shared/node-entry
.js:15070:39)
    at ReturnValueSco
pe.findVariable (file
:///D:/EduPlatform-Pr
o/node_modules/rollup
/dist/es/shared/node-
entry.js:5673:38)
    at FunctionBodySc
ope.findVariable (fil
e:///D:/EduPlatform-P
ro/node_modules/rollu
p/dist/es/shared/node
-entry.js:5673:38)
    at MemberExpressi
on.bind (file:///D:/E
duPlatform-Pro/node_m
odules/rollup/dist/es
/shared/node-entry.js
:7392:49)
    at 
CallExpression.bind (
file:///D:/EduPlatfor
m-Pro/node_modules/ro
llup/dist/es/shared/n
ode-entry.js:2829:23)
    at 
CallExpression.bind (
file:///D:/EduPlatfor
m-Pro/node_modules/ro
llup/dist/es/shared/n
ode-entry.js:12179:15
)[39m
